#-----------------------------------------------------------
# Vivado v2025.2 (64-bit)
# SW Build 6299465 on Fri Nov 14 19:35:11 GMT 2025
# IP Build 6300035 on Fri Nov 14 10:48:45 MST 2025
# SharedData Build 6298862 on Thu Nov 13 04:50:51 MST 2025
# Start of session at: Wed Aug  5 21:30:03 2026
# Process ID         : 12960
# Current directory  : C:/Users/gattous/Vivado_Workspace/litefury_pcie_daq_2/ip_repo
# Command line       : vivado.exe -gui_launcher_event rodinguilauncherevent3044 C:\Users\gattous\Vivado_Workspace\litefury_pcie_daq_2\ip_repo\edit_axi_csr_v3_0.xpr
# Log file           : C:/Users/gattous/Vivado_Workspace/litefury_pcie_daq_2/ip_repo/vivado.log
# Journal file       : C:/Users/gattous/Vivado_Workspace/litefury_pcie_daq_2/ip_repo\vivado.jou
# Running On         : DESKTOP-VSMVSJ6
# Platform           : Windows Server 2016 or Windows 10
# Operating System   : 26200
# Processor Detail   : Intel(R) Core(TM) i7-8700 CPU @ 3.20GHz
# CPU Frequency      : 3192 MHz
# CPU Physical cores : 6
# CPU Logical cores  : 12
# Host memory        : 16999 MB
# Swap memory        : 3892 MB
# Total Virtual      : 20892 MB
# Available Virtual  : 3326 MB
#-----------------------------------------------------------
start_gui
open_project C:/Users/gattous/Vivado_Workspace/litefury_pcie_daq_2/ip_repo/edit_axi_csr_v3_0.xpr
WARNING: [Board 49-26] cannot add Board Part xilinx.com:emb-plus-vpr-4616:part0:1.0 available at C:/AMDDesignTools/2025.2/data/xhub/boards\XilinxBoardStore\boards\Xilinx\emb-plus-vpr-4616\1.0\board.xml as part xcve2302-sfva784-2mp-e-s specified in board_part file is either invalid or not available
WARNING: [Board 49-26] cannot add Board Part xilinx.com:emb-plus-vpr-4616:part0:1.1 available at C:/AMDDesignTools/2025.2/data/xhub/boards\XilinxBoardStore\boards\Xilinx\emb-plus-vpr-4616\1.1\board.xml as part xcve2302-sfva784-2mp-e-s specified in board_part file is either invalid or not available
WARNING: [Board 49-26] cannot add Board Part xilinx.com:k24c:part0:1.0 available at C:/AMDDesignTools/2025.2/data/xhub/boards\XilinxBoardStore\boards\Xilinx\k24c\1.0\board.xml as part xck24-ubva530-2lv-c specified in board_part file is either invalid or not available
WARNING: [Board 49-26] cannot add Board Part xilinx.com:k24c:part0:1.1 available at C:/AMDDesignTools/2025.2/data/xhub/boards\XilinxBoardStore\boards\Xilinx\k24c\1.1\board.xml as part xck24-ubva530-2lv-c specified in board_part file is either invalid or not available
WARNING: [Board 49-26] cannot add Board Part xilinx.com:k24i:part0:1.0 available at C:/AMDDesignTools/2025.2/data/xhub/boards\XilinxBoardStore\boards\Xilinx\k24i\1.0\board.xml as part xck24-ubva530-2lvi-i specified in board_part file is either invalid or not available
WARNING: [Board 49-26] cannot add Board Part xilinx.com:k26c:part0:1.2 available at C:/AMDDesignTools/2025.2/data/xhub/boards\XilinxBoardStore\boards\Xilinx\k26c\1.2\board.xml as part xck26-sfvc784-2lv-c specified in board_part file is either invalid or not available
WARNING: [Board 49-26] cannot add Board Part xilinx.com:k26c:part0:1.3 available at C:/AMDDesignTools/2025.2/data/xhub/boards\XilinxBoardStore\boards\Xilinx\k26c\1.3\board.xml as part xck26-sfvc784-2lv-c specified in board_part file is either invalid or not available
WARNING: [Board 49-26] cannot add Board Part xilinx.com:k26c:part0:1.4 available at C:/AMDDesignTools/2025.2/data/xhub/boards\XilinxBoardStore\boards\Xilinx\k26c\1.4\board.xml as part xck26-sfvc784-2lv-c specified in board_part file is either invalid or not available
WARNING: [Board 49-26] cannot add Board Part xilinx.com:k26i:part0:1.2 available at C:/AMDDesignTools/2025.2/data/xhub/boards\XilinxBoardStore\boards\Xilinx\k26i\1.2\board.xml as part xck26-sfvc784-2lvi-i specified in board_part file is either invalid or not available
WARNING: [Board 49-26] cannot add Board Part xilinx.com:k26i:part0:1.3 available at C:/AMDDesignTools/2025.2/data/xhub/boards\XilinxBoardStore\boards\Xilinx\k26i\1.3\board.xml as part xck26-sfvc784-2lvi-i specified in board_part file is either invalid or not available
WARNING: [Board 49-26] cannot add Board Part xilinx.com:k26i:part0:1.4 available at C:/AMDDesignTools/2025.2/data/xhub/boards\XilinxBoardStore\boards\Xilinx\k26i\1.4\board.xml as part xck26-sfvc784-2lvi-i specified in board_part file is either invalid or not available
WARNING: [Board 49-26] cannot add Board Part xilinx.com:kc705:part0:1.6 available at C:/AMDDesignTools/2025.2/data/xhub/boards\XilinxBoardStore\boards\Xilinx\kc705\1.6\board.xml as part xc7k325tffg900-2 specified in board_part file is either invalid or not available
WARNING: [Board 49-26] cannot add Board Part xilinx.com:kc705:part0:1.7 available at C:/AMDDesignTools/2025.2/data/xhub/boards\XilinxBoardStore\boards\Xilinx\kc705\1.7\board.xml as part xc7k325tffg900-2 specified in board_part file is either invalid or not available
WARNING: [Board 49-26] cannot add Board Part xilinx.com:kcu105:part0:1.6 available at C:/AMDDesignTools/2025.2/data/xhub/boards\XilinxBoardStore\boards\Xilinx\kcu105\1.6\board.xml as part xcku040-ffva1156-2-e specified in board_part file is either invalid or not available
WARNING: [Board 49-26] cannot add Board Part xilinx.com:kcu105:part0:1.7 available at C:/AMDDesignTools/2025.2/data/xhub/boards\XilinxBoardStore\boards\Xilinx\kcu105\1.7\board.xml as part xcku040-ffva1156-2-e specified in board_part file is either invalid or not available
WARNING: [Board 49-26] cannot add Board Part xilinx.com:kcu116:part0:1.4 available at C:/AMDDesignTools/2025.2/data/xhub/boards\XilinxBoardStore\boards\Xilinx\kcu116\1.4\board.xml as part xcku5p-ffvb676-2-e specified in board_part file is either invalid or not available
WARNING: [Board 49-26] cannot add Board Part xilinx.com:kcu116:part0:1.5 available at C:/AMDDesignTools/2025.2/data/xhub/boards\XilinxBoardStore\boards\Xilinx\kcu116\1.5\board.xml as part xcku5p-ffvb676-2-e specified in board_part file is either invalid or not available
WARNING: [Board 49-26] cannot add Board Part xilinx.com:kcu1500:part0:1.2 available at C:/AMDDesignTools/2025.2/data/xhub/boards\XilinxBoardStore\boards\Xilinx\kcu1500\1.2\board.xml as part xcku115-flvb2104-2-e specified in board_part file is either invalid or not available
WARNING: [Board 49-26] cannot add Board Part xilinx.com:kd240_som:part0:1.0 available at C:/AMDDesignTools/2025.2/data/xhub/boards\XilinxBoardStore\boards\Xilinx\kd240_som\1.0\board.xml as part xck24-ubva530-2lv-c specified in board_part file is either invalid or not available
WARNING: [Board 49-26] cannot add Board Part xilinx.com:kd240_som:part0:1.1 available at C:/AMDDesignTools/2025.2/data/xhub/boards\XilinxBoardStore\boards\Xilinx\kd240_som\1.1\board.xml as part xck24-ubva530-2lv-c specified in board_part file is either invalid or not available
WARNING: [Board 49-26] cannot add Board Part xilinx.com:kr260_som:part0:1.0 available at C:/AMDDesignTools/2025.2/data/xhub/boards\XilinxBoardStore\boards\Xilinx\kr260_som\1.0\board.xml as part xck26-sfvc784-2lv-c specified in board_part file is either invalid or not available
WARNING: [Board 49-26] cannot add Board Part xilinx.com:kr260_som:part0:1.1 available at C:/AMDDesignTools/2025.2/data/xhub/boards\XilinxBoardStore\boards\Xilinx\kr260_som\1.1\board.xml as part xck26-sfvc784-2lv-c specified in board_part file is either invalid or not available
WARNING: [Board 49-26] cannot add Board Part xilinx.com:kv260_som:part0:1.2 available at C:/AMDDesignTools/2025.2/data/xhub/boards\XilinxBoardStore\boards\Xilinx\kv260_som\1.2\board.xml as part xck26-sfvc784-2lv-c specified in board_part file is either invalid or not available
WARNING: [Board 49-26] cannot add Board Part xilinx.com:kv260_som:part0:1.3 available at C:/AMDDesignTools/2025.2/data/xhub/boards\XilinxBoardStore\boards\Xilinx\kv260_som\1.3\board.xml as part xck26-sfvc784-2lv-c specified in board_part file is either invalid or not available
WARNING: [Board 49-26] cannot add Board Part xilinx.com:kv260_som:part0:1.4 available at C:/AMDDesignTools/2025.2/data/xhub/boards\XilinxBoardStore\boards\Xilinx\kv260_som\1.4\board.xml as part xck26-sfvc784-2lv-c specified in board_part file is either invalid or not available
WARNING: [Board 49-26] cannot add Board Part xilinx.com:scu35:part0:1.0 available at C:/AMDDesignTools/2025.2/data/xhub/boards\XilinxBoardStore\boards\Xilinx\scu35\1.0\board.xml as part xcsu35p-sbvb625-2-e specified in board_part file is either invalid or not available
WARNING: [Board 49-26] cannot add Board Part xilinx.com:sp701:part0:1.0 available at C:/AMDDesignTools/2025.2/data/xhub/boards\XilinxBoardStore\boards\Xilinx\sp701\1.0\board.xml as part xc7s100fgga676-2 specified in board_part file is either invalid or not available
WARNING: [Board 49-26] cannot add Board Part xilinx.com:sp701:part0:1.1 available at C:/AMDDesignTools/2025.2/data/xhub/boards\XilinxBoardStore\boards\Xilinx\sp701\1.1\board.xml as part xc7s100fgga676-2 specified in board_part file is either invalid or not available
WARNING: [Board 49-26] cannot add Board Part xilinx.com:v80:part0:1.0 available at C:/AMDDesignTools/2025.2/data/xhub/boards\XilinxBoardStore\boards\Xilinx\v80\1.0\board.xml as part xcv80-lsva4737-2mhp-e-s specified in board_part file is either invalid or not available
WARNING: [Board 49-26] cannot add Board Part xilinx.com:vc707:part0:1.4 available at C:/AMDDesignTools/2025.2/data/xhub/boards\XilinxBoardStore\boards\Xilinx\vc707\1.4\board.xml as part xc7vx485tffg1761-2 specified in board_part file is either invalid or not available
WARNING: [Board 49-26] cannot add Board Part xilinx.com:vc707:part0:1.5 available at C:/AMDDesignTools/2025.2/data/xhub/boards\XilinxBoardStore\boards\Xilinx\vc707\1.5\board.xml as part xc7vx485tffg1761-2 specified in board_part file is either invalid or not available
WARNING: [Board 49-26] cannot add Board Part xilinx.com:vc709:part0:1.8 available at C:/AMDDesignTools/2025.2/data/xhub/boards\XilinxBoardStore\boards\Xilinx\vc709\1.8\board.xml as part xc7vx690tffg1761-2 specified in board_part file is either invalid or not available
WARNING: [Board 49-26] cannot add Board Part xilinx.com:vck190:part0:2.2 available at C:/AMDDesignTools/2025.2/data/xhub/boards\XilinxBoardStore\boards\Xilinx\vck190\production\2.2\board.xml as part xcvc1902-vsva2197-2mp-e-s specified in board_part file is either invalid or not available
WARNING: [Board 49-26] cannot add Board Part xilinx.com:vck190:part0:3.0 available at C:/AMDDesignTools/2025.2/data/xhub/boards\XilinxBoardStore\boards\Xilinx\vck190\production\3.0\board.xml as part xcvc1902-vsva2197-2mp-e-s specified in board_part file is either invalid or not available
WARNING: [Board 49-26] cannot add Board Part xilinx.com:vck190:part0:3.1 available at C:/AMDDesignTools/2025.2/data/xhub/boards\XilinxBoardStore\boards\Xilinx\vck190\production\3.1\board.xml as part xcvc1902-vsva2197-2mp-e-s specified in board_part file is either invalid or not available
WARNING: [Board 49-26] cannot add Board Part xilinx.com:vck190:part0:3.2 available at C:/AMDDesignTools/2025.2/data/xhub/boards\XilinxBoardStore\boards\Xilinx\vck190\production\3.2\board.xml as part xcvc1902-vsva2197-2mp-e-s specified in board_part file is either invalid or not available
WARNING: [Board 49-26] cannot add Board Part xilinx.com:vck190:part0:3.3 available at C:/AMDDesignTools/2025.2/data/xhub/boards\XilinxBoardStore\boards\Xilinx\vck190\production\3.3\board.xml as part xcvc1902-vsva2197-2mp-e-s specified in board_part file is either invalid or not available
WARNING: [Board 49-26] cannot add Board Part xilinx.com:vck190:part0:3.4 available at C:/AMDDesignTools/2025.2/data/xhub/boards\XilinxBoardStore\boards\Xilinx\vck190\production\3.4\board.xml as part xcvc1902-vsva2197-2mp-e-s specified in board_part file is either invalid or not available
WARNING: [Board 49-26] cannot add Board Part xilinx.com:vck190_newl:part0:1.0 available at C:/AMDDesignTools/2025.2/data/xhub/boards\XilinxBoardStore\boards\Xilinx\vck190_newl\production\1.0\board.xml as part xcvc1902-vsva2197-2mp-e-s specified in board_part file is either invalid or not available
WARNING: [Board 49-26] cannot add Board Part xilinx.com:vck190_newl:part0:1.1 available at C:/AMDDesignTools/2025.2/data/xhub/boards\XilinxBoardStore\boards\Xilinx\vck190_newl\production\1.1\board.xml as part xcvc1902-vsva2197-2mp-e-s specified in board_part file is either invalid or not available
WARNING: [Board 49-26] cannot add Board Part xilinx.com:vck190_newl:part0:1.2 available at C:/AMDDesignTools/2025.2/data/xhub/boards\XilinxBoardStore\boards\Xilinx\vck190_newl\production\1.2\board.xml as part xcvc1902-vsva2197-2mp-e-s specified in board_part file is either invalid or not available
WARNING: [Board 49-26] cannot add Board Part xilinx.com:vck190_newl:part0:1.3 available at C:/AMDDesignTools/2025.2/data/xhub/boards\XilinxBoardStore\boards\Xilinx\vck190_newl\production\1.3\board.xml as part xcvc1902-vsva2197-2mp-e-s specified in board_part file is either invalid or not available
WARNING: [Board 49-26] cannot add Board Part xilinx.com:vcu108:part0:1.6 available at C:/AMDDesignTools/2025.2/data/xhub/boards\XilinxBoardStore\boards\Xilinx\vcu108\1.6\board.xml as part xcvu095-ffva2104-2-e specified in board_part file is either invalid or not available
WARNING: [Board 49-26] cannot add Board Part xilinx.com:vcu108:part0:1.7 available at C:/AMDDesignTools/2025.2/data/xhub/boards\XilinxBoardStore\boards\Xilinx\vcu108\1.7\board.xml as part xcvu095-ffva2104-2-e specified in board_part file is either invalid or not available
WARNING: [Board 49-26] cannot add Board Part xilinx.com:vcu110:part0:1.4 available at C:/AMDDesignTools/2025.2/data/xhub/boards\XilinxBoardStore\boards\Xilinx\vcu110\1.4\board.xml as part xcvu190-flgc2104-2-e specified in board_part file is either invalid or not available
WARNING: [Board 49-26] cannot add Board Part xilinx.com:vcu118:part0:2.0 available at C:/AMDDesignTools/2025.2/data/xhub/boards\XilinxBoardStore\boards\Xilinx\vcu118\2.0\board.xml as part xcvu9p-flga2104-2l-e specified in board_part file is either invalid or not available
WARNING: [Board 49-26] cannot add Board Part xilinx.com:vcu118:part0:2.3 available at C:/AMDDesignTools/2025.2/data/xhub/boards\XilinxBoardStore\boards\Xilinx\vcu118\2.3\board.xml as part xcvu9p-flga2104-2l-e specified in board_part file is either invalid or not available
WARNING: [Board 49-26] cannot add Board Part xilinx.com:vcu118:part0:2.4 available at C:/AMDDesignTools/2025.2/data/xhub/boards\XilinxBoardStore\boards\Xilinx\vcu118\2.4\board.xml as part xcvu9p-flga2104-2l-e specified in board_part file is either invalid or not available
WARNING: [Board 49-26] cannot add Board Part xilinx.com:vcu128:part0:1.0 available at C:/AMDDesignTools/2025.2/data/xhub/boards\XilinxBoardStore\boards\Xilinx\vcu128\production\1.0\board.xml as part xcvu37p-fsvh2892-2l-e specified in board_part file is either invalid or not available
WARNING: [Board 49-26] cannot add Board Part xilinx.com:vcu129:part0:1.0 available at C:/AMDDesignTools/2025.2/data/xhub/boards\XilinxBoardStore\boards\Xilinx\vcu129\production\1.0\board.xml as part xcvu29p-fsga2577-2l-e specified in board_part file is either invalid or not available
WARNING: [Board 49-26] cannot add Board Part xilinx.com:vcu1525:part0:1.3 available at C:/AMDDesignTools/2025.2/data/xhub/boards\XilinxBoardStore\boards\Xilinx\vcu1525\1.3\board.xml as part xcvu9p-fsgd2104-2l-e specified in board_part file is either invalid or not available
WARNING: [Board 49-26] cannot add Board Part xilinx.com:vek280:part0:1.0 available at C:/AMDDesignTools/2025.2/data/xhub/boards\XilinxBoardStore\boards\Xilinx\vek280\production\1.0\board.xml as part xcve2802-vsvh1760-2mp-e-s specified in board_part file is either invalid or not available
WARNING: [Board 49-26] cannot add Board Part xilinx.com:vek280:part0:1.1 available at C:/AMDDesignTools/2025.2/data/xhub/boards\XilinxBoardStore\boards\Xilinx\vek280\production\1.1\board.xml as part xcve2802-vsvh1760-2mp-e-s specified in board_part file is either invalid or not available
WARNING: [Board 49-26] cannot add Board Part xilinx.com:vek280:part0:1.2 available at C:/AMDDesignTools/2025.2/data/xhub/boards\XilinxBoardStore\boards\Xilinx\vek280\production\1.2\board.xml as part xcve2802-vsvh1760-2mp-e-s specified in board_part file is either invalid or not available
WARNING: [Board 49-26] cannot add Board Part xilinx.com:vek385:part0:1.0 available at C:/AMDDesignTools/2025.2/data/xhub/boards\XilinxBoardStore\boards\Xilinx\vek385\1.0\board.xml as part xc2ve3858-ssva2112-2mp-e-s specified in board_part file is either invalid or not available
WARNING: [Board 49-26] cannot add Board Part xilinx.com:vek385:part0:1.1 available at C:/AMDDesignTools/2025.2/data/xhub/boards\XilinxBoardStore\boards\Xilinx\vek385\1.1\board.xml as part xc2ve3858-ssva2112-2mp-e-s specified in board_part file is either invalid or not available
WARNING: [Board 49-26] cannot add Board Part xilinx.com:vek385_1:part0:1.0 available at C:/AMDDesignTools/2025.2/data/xhub/boards\XilinxBoardStore\boards\Xilinx\vek385_2\1.0\board.xml as part xc2ve3858-ssva2112-2mp-e-s specified in board_part file is either invalid or not available
WARNING: [Board 49-26] cannot add Board Part xilinx.com:vermeo_t1_mpsoc:part0:1.0 available at C:/AMDDesignTools/2025.2/data/xhub/boards\XilinxBoardStore\boards\Xilinx\vermeo_t1_mpsoc\1.0\board.xml as part xczu19eg-ffvd1760-2l-e specified in board_part file is either invalid or not available
WARNING: [Board 49-26] cannot add Board Part xilinx.com:vermeo_t1_rfsoc:part0:1.0 available at C:/AMDDesignTools/2025.2/data/xhub/boards\XilinxBoardStore\boards\Xilinx\vermeo_t1_rfsoc\1.0\board.xml as part xczu21dr-ffvd1156-2l-e specified in board_part file is either invalid or not available
WARNING: [Board 49-26] cannot add Board Part xilinx.com:vhk158:part0:1.0 available at C:/AMDDesignTools/2025.2/data/xhub/boards\XilinxBoardStore\boards\Xilinx\vhk158\production\1.0\board.xml as part xcvh1582-vsva3697-2mp-e-s specified in board_part file is either invalid or not available
WARNING: [Board 49-26] cannot add Board Part xilinx.com:vhk158:part0:1.1 available at C:/AMDDesignTools/2025.2/data/xhub/boards\XilinxBoardStore\boards\Xilinx\vhk158\production\1.1\board.xml as part xcvh1582-vsva3697-2mp-e-s specified in board_part file is either invalid or not available
WARNING: [Board 49-26] cannot add Board Part xilinx.com:vhk158:part0:1.2 available at C:/AMDDesignTools/2025.2/data/xhub/boards\XilinxBoardStore\boards\Xilinx\vhk158\production\1.2\board.xml as part xcvh1582-vsva3697-2mp-e-s specified in board_part file is either invalid or not available
WARNING: [Board 49-26] cannot add Board Part xilinx.com:vmk180:part0:2.2 available at C:/AMDDesignTools/2025.2/data/xhub/boards\XilinxBoardStore\boards\Xilinx\vmk180\production\2.2\board.xml as part xcvm1802-vsva2197-2mp-e-s specified in board_part file is either invalid or not available
WARNING: [Board 49-26] cannot add Board Part xilinx.com:vmk180:part0:3.0 available at C:/AMDDesignTools/2025.2/data/xhub/boards\XilinxBoardStore\boards\Xilinx\vmk180\production\3.0\board.xml as part xcvm1802-vsva2197-2mp-e-s specified in board_part file is either invalid or not available
WARNING: [Board 49-26] cannot add Board Part xilinx.com:vmk180:part0:3.1 available at C:/AMDDesignTools/2025.2/data/xhub/boards\XilinxBoardStore\boards\Xilinx\vmk180\production\3.1\board.xml as part xcvm1802-vsva2197-2mp-e-s specified in board_part file is either invalid or not available
WARNING: [Board 49-26] cannot add Board Part xilinx.com:vmk180:part0:3.2 available at C:/AMDDesignTools/2025.2/data/xhub/boards\XilinxBoardStore\boards\Xilinx\vmk180\production\3.2\board.xml as part xcvm1802-vsva2197-2mp-e-s specified in board_part file is either invalid or not available
WARNING: [Board 49-26] cannot add Board Part xilinx.com:vmk180:part0:3.3 available at C:/AMDDesignTools/2025.2/data/xhub/boards\XilinxBoardStore\boards\Xilinx\vmk180\production\3.3\board.xml as part xcvm1802-vsva2197-2mp-e-s specified in board_part file is either invalid or not available
WARNING: [Board 49-26] cannot add Board Part xilinx.com:vmk180_newl:part0:1.0 available at C:/AMDDesignTools/2025.2/data/xhub/boards\XilinxBoardStore\boards\Xilinx\vmk180_newl\production\1.0\board.xml as part xcvm1802-vsva2197-2mp-e-s specified in board_part file is either invalid or not available
WARNING: [Board 49-26] cannot add Board Part xilinx.com:vmk180_newl:part0:1.1 available at C:/AMDDesignTools/2025.2/data/xhub/boards\XilinxBoardStore\boards\Xilinx\vmk180_newl\production\1.1\board.xml as part xcvm1802-vsva2197-2mp-e-s specified in board_part file is either invalid or not available
WARNING: [Board 49-26] cannot add Board Part xilinx.com:vpk120:part0:1.0 available at C:/AMDDesignTools/2025.2/data/xhub/boards\XilinxBoardStore\boards\Xilinx\vpk120\production\1.0\board.xml as part xcvp1202-vsva2785-2mp-e-s specified in board_part file is either invalid or not available
WARNING: [Board 49-26] cannot add Board Part xilinx.com:vpk120:part0:1.1 available at C:/AMDDesignTools/2025.2/data/xhub/boards\XilinxBoardStore\boards\Xilinx\vpk120\production\1.1\board.xml as part xcvp1202-vsva2785-2mp-e-s specified in board_part file is either invalid or not available
WARNING: [Board 49-26] cannot add Board Part xilinx.com:vpk120:part0:1.2 available at C:/AMDDesignTools/2025.2/data/xhub/boards\XilinxBoardStore\boards\Xilinx\vpk120\production\1.2\board.xml as part xcvp1202-vsva2785-2mp-e-s specified in board_part file is either invalid or not available
WARNING: [Board 49-26] cannot add Board Part xilinx.com:vpk180:part0:1.0 available at C:/AMDDesignTools/2025.2/data/xhub/boards\XilinxBoardStore\boards\Xilinx\vpk180\production\1.0\board.xml as part xcvp1802-lsvc4072-2mp-e-s specified in board_part file is either invalid or not available
WARNING: [Board 49-26] cannot add Board Part xilinx.com:vpk180:part0:1.1 available at C:/AMDDesignTools/2025.2/data/xhub/boards\XilinxBoardStore\boards\Xilinx\vpk180\production\1.1\board.xml as part xcvp1802-lsvc4072-2mp-e-s specified in board_part file is either invalid or not available
WARNING: [Board 49-26] cannot add Board Part xilinx.com:vpk180:part0:1.2 available at C:/AMDDesignTools/2025.2/data/xhub/boards\XilinxBoardStore\boards\Xilinx\vpk180\production\1.2\board.xml as part xcvp1802-lsvc4072-2mp-e-s specified in board_part file is either invalid or not available
WARNING: [Board 49-26] cannot add Board Part xilinx.com:vrk160:part0:1.0 available at C:/AMDDesignTools/2025.2/data/xhub/boards\XilinxBoardStore\boards\Xilinx\vrk160\1.0\board.xml as part xcvr1602-vsva2488-2mp-e-s-es1 specified in board_part file is either invalid or not available
WARNING: [Board 49-26] cannot add Board Part xilinx.com:vrk160:part0:1.1 available at C:/AMDDesignTools/2025.2/data/xhub/boards\XilinxBoardStore\boards\Xilinx\vrk160\1.1\board.xml as part xcvr1602-vsva2488-2mp-e-s-es1 specified in board_part file is either invalid or not available
WARNING: [Board 49-26] cannot add Board Part xilinx.com:zc702:part0:1.4 available at C:/AMDDesignTools/2025.2/data/xhub/boards\XilinxBoardStore\boards\Xilinx\zc702\1.4\board.xml as part xc7z020clg484-1 specified in board_part file is either invalid or not available
WARNING: [Board 49-26] cannot add Board Part xilinx.com:zc706:part0:1.4 available at C:/AMDDesignTools/2025.2/data/xhub/boards\XilinxBoardStore\boards\Xilinx\zc706\1.4\board.xml as part xc7z045ffg900-2 specified in board_part file is either invalid or not available
WARNING: [Board 49-26] cannot add Board Part xilinx.com:zc706:part0:1.5 available at C:/AMDDesignTools/2025.2/data/xhub/boards\XilinxBoardStore\boards\Xilinx\zc706\1.5\board.xml as part xc7z045ffg900-2 specified in board_part file is either invalid or not available
WARNING: [Board 49-26] cannot add Board Part xilinx.com:zcu102:part0:3.3 available at C:/AMDDesignTools/2025.2/data/xhub/boards\XilinxBoardStore\boards\Xilinx\zcu102\3.3\board.xml as part xczu9eg-ffvb1156-2-e specified in board_part file is either invalid or not available
WARNING: [Board 49-26] cannot add Board Part xilinx.com:zcu102:part0:3.4 available at C:/AMDDesignTools/2025.2/data/xhub/boards\XilinxBoardStore\boards\Xilinx\zcu102\3.4\board.xml as part xczu9eg-ffvb1156-2-e specified in board_part file is either invalid or not available
WARNING: [Board 49-26] cannot add Board Part xilinx.com:zcu104:part0:1.1 available at C:/AMDDesignTools/2025.2/data/xhub/boards\XilinxBoardStore\boards\Xilinx\zcu104\1.1\board.xml as part xczu7ev-ffvc1156-2-e specified in board_part file is either invalid or not available
WARNING: [Board 49-26] cannot add Board Part xilinx.com:zcu106:part0:2.4 available at C:/AMDDesignTools/2025.2/data/xhub/boards\XilinxBoardStore\boards\Xilinx\zcu106\2.4\board.xml as part xczu7ev-ffvc1156-2-e specified in board_part file is either invalid or not available
WARNING: [Board 49-26] cannot add Board Part xilinx.com:zcu106:part0:2.5 available at C:/AMDDesignTools/2025.2/data/xhub/boards\XilinxBoardStore\boards\Xilinx\zcu106\2.5\board.xml as part xczu7ev-ffvc1156-2-e specified in board_part file is either invalid or not available
WARNING: [Board 49-26] cannot add Board Part xilinx.com:zcu106:part0:2.6 available at C:/AMDDesignTools/2025.2/data/xhub/boards\XilinxBoardStore\boards\Xilinx\zcu106\2.6\board.xml as part xczu7ev-ffvc1156-2-e specified in board_part file is either invalid or not available
WARNING: [Board 49-26] cannot add Board Part xilinx.com:zcu111:part0:1.2 available at C:/AMDDesignTools/2025.2/data/xhub/boards\XilinxBoardStore\boards\Xilinx\zcu111\1.2\board.xml as part xczu28dr-ffvg1517-2-e specified in board_part file is either invalid or not available
WARNING: [Board 49-26] cannot add Board Part xilinx.com:zcu111:part0:1.3 available at C:/AMDDesignTools/2025.2/data/xhub/boards\XilinxBoardStore\boards\Xilinx\zcu111\1.3\board.xml as part xczu28dr-ffvg1517-2-e specified in board_part file is either invalid or not available
WARNING: [Board 49-26] cannot add Board Part xilinx.com:zcu111:part0:1.4 available at C:/AMDDesignTools/2025.2/data/xhub/boards\XilinxBoardStore\boards\Xilinx\zcu111\1.4\board.xml as part xczu28dr-ffvg1517-2-e specified in board_part file is either invalid or not available
WARNING: [Board 49-26] cannot add Board Part xilinx.com:zcu1275:part0:1.0 available at C:/AMDDesignTools/2025.2/data/xhub/boards\XilinxBoardStore\boards\Xilinx\zcu1275\1.0\board.xml as part xczu29dr-ffvf1760-2-e specified in board_part file is either invalid or not available
WARNING: [Board 49-26] cannot add Board Part xilinx.com:zcu1285:part0:1.0 available at C:/AMDDesignTools/2025.2/data/xhub/boards\XilinxBoardStore\boards\Xilinx\zcu1285\1.0\board.xml as part xczu39dr-ffvf1760-2-i specified in board_part file is either invalid or not available
WARNING: [Board 49-26] cannot add Board Part xilinx.com:zcu208:part0:2.0 available at C:/AMDDesignTools/2025.2/data/xhub/boards\XilinxBoardStore\boards\Xilinx\zcu208\production\2.0\board.xml as part xczu48dr-fsvg1517-2-e specified in board_part file is either invalid or not available
WARNING: [Board 49-26] cannot add Board Part xilinx.com:zcu208ld:part0:2.0 available at C:/AMDDesignTools/2025.2/data/xhub/boards\XilinxBoardStore\boards\Xilinx\zcu208ld\production\2.0\board.xml as part xczu58dr-fsvg1517-2-i specified in board_part file is either invalid or not available
WARNING: [Board 49-26] cannot add Board Part xilinx.com:zcu216:part0:2.0 available at C:/AMDDesignTools/2025.2/data/xhub/boards\XilinxBoardStore\boards\Xilinx\zcu216\production\2.0\board.xml as part xczu49dr-ffvf1760-2-e specified in board_part file is either invalid or not available
WARNING: [Board 49-26] cannot add Board Part xilinx.com:zcu216ld:part0:2.0 available at C:/AMDDesignTools/2025.2/data/xhub/boards\XilinxBoardStore\boards\Xilinx\zcu216ld\production\2.0\board.xml as part xczu59dr-ffvf1760-2-i specified in board_part file is either invalid or not available
WARNING: [Board 49-26] cannot add Board Part xilinx.com:zcu670:part0:2.0 available at C:/AMDDesignTools/2025.2/data/xhub/boards\XilinxBoardStore\boards\Xilinx\zcu670\2.0\board.xml as part xczu67dr-fsve1156-2-i specified in board_part file is either invalid or not available
WARNING: [Board 49-26] cannot add Board Part xilinx.com:zcu670ld:part0:1.0 available at C:/AMDDesignTools/2025.2/data/xhub/boards\XilinxBoardStore\boards\Xilinx\zcu670ld\1.0\board.xml as part xczu57dr-fsve1156-2-i specified in board_part file is either invalid or not available
INFO: [filemgmt 56-3] Default IP Output Path : Could not find the directory 'C:/Users/gattous/Vivado_Workspace/litefury_pcie_daq_2/ip_repo/edit_axi_csr_v3_0.gen/sources_1'.
Scanning sources...
Finished scanning sources
WARNING: [Board 49-26] cannot add Board Part xilinx.com:emb-plus-vpr-4616:part0:1.0 available at C:/AMDDesignTools/2025.2/data/xhub/boards\XilinxBoardStore\boards\Xilinx\emb-plus-vpr-4616\1.0\board.xml as part xcve2302-sfva784-2mp-e-s specified in board_part file is either invalid or not available
WARNING: [Board 49-26] cannot add Board Part xilinx.com:emb-plus-vpr-4616:part0:1.1 available at C:/AMDDesignTools/2025.2/data/xhub/boards\XilinxBoardStore\boards\Xilinx\emb-plus-vpr-4616\1.1\board.xml as part xcve2302-sfva784-2mp-e-s specified in board_part file is either invalid or not available
WARNING: [Board 49-26] cannot add Board Part xilinx.com:k24c:part0:1.0 available at C:/AMDDesignTools/2025.2/data/xhub/boards\XilinxBoardStore\boards\Xilinx\k24c\1.0\board.xml as part xck24-ubva530-2lv-c specified in board_part file is either invalid or not available
INFO: [Common 17-14] Message 'Board 49-26' appears 100 times and further instances of the messages will be disabled. Use the Tcl command set_msg_config to change the current settings.
WARNING: [Project 1-5713] Board part '' set for the project  is not found. BoardPart property will be unset. Please select board from latest repo build 
INFO: [IP_Flow 19-234] Refreshing IP repositories
WARNING: [IP_Flow 19-3685] Ignored loading user repository 'c:/Users/gattous/Vivado_Workspace/litefury_pcie_daq_2/ip_repo/axi_csr_3_0'. The path is contained within another repository.
INFO: [IP_Flow 19-1700] Loaded user IP repository 'c:/Users/gattous/Vivado_Workspace/ip_repo/axi_csr_3_0'.
INFO: [IP_Flow 19-1700] Loaded user IP repository 'c:/Users/gattous/Vivado_Workspace/litefury_pcie_daq_2/ip_repo'.
INFO: [IP_Flow 19-2313] Loaded Vivado IP repository 'C:/AMDDesignTools/2025.2/Vivado/data/ip'.
WARNING: [IP_Flow 19-1663] Duplicate IP found for 'xilinx.com:user:axi_csr:3.0'. The one found in IP location 'c:/Users/gattous/Vivado_Workspace/ip_repo/axi_csr_3_0' will take precedence over the same IP in location c:/Users/gattous/Vivado_Workspace/litefury_pcie_daq_2/ip_repo/axi_csr_3_0
open_project: Time (s): cpu = 00:00:23 ; elapsed = 00:00:10 . Memory (MB): peak = 1643.711 ; gain = 233.180
update_compile_order -fileset sources_1
synth_design -top axi_csr_V3_0 -part xc7a100tfgg484-2 -lint 
Command: synth_design -top axi_csr_V3_0 -part xc7a100tfgg484-2 -lint
Starting synth_design
Attempting to get a license for feature 'Synthesis' and/or device 'xc7a100t'
INFO: [Common 17-349] Got license for feature 'Synthesis' and/or device 'xc7a100t'
INFO: [Synth 8-7079] Multithreading enabled for synth_design using a maximum of 2 processes.
INFO: [Synth 8-7078] Launching helper process for spawning children vivado processes
INFO: [Synth 8-7075] Helper process launched with PID 20280
---------------------------------------------------------------------------------
Starting Synthesize : Time (s): cpu = 00:00:07 ; elapsed = 00:00:07 . Memory (MB): peak = 2168.574 ; gain = 515.461
---------------------------------------------------------------------------------
Clean up Linter database...
ERROR: [Synth 8-10557] cannot read from 'out' object 'irq_pending_a'; use 'buffer' or 'inout' instead [C:/Users/gattous/Vivado_Workspace/litefury_pcie_daq_2/ip_repo/axi_csr_3_0/hdl/axi_csr_slave_lite_v3_0_axi_csr.vhd:262]
ERROR: [Synth 8-10557] cannot read from 'out' object 'irq_pending_b'; use 'buffer' or 'inout' instead [C:/Users/gattous/Vivado_Workspace/litefury_pcie_daq_2/ip_repo/axi_csr_3_0/hdl/axi_csr_slave_lite_v3_0_axi_csr.vhd:271]
ERROR: [Synth 8-10557] cannot read from 'out' object 'soft_reset'; use 'buffer' or 'inout' instead [C:/Users/gattous/Vivado_Workspace/litefury_pcie_daq_2/ip_repo/axi_csr_3_0/hdl/axi_csr_slave_lite_v3_0_axi_csr.vhd:229]
INFO: [Synth 8-11252] unit 'arch_imp' is ignored due to previous errors [C:/Users/gattous/Vivado_Workspace/litefury_pcie_daq_2/ip_repo/axi_csr_3_0/hdl/axi_csr_slave_lite_v3_0_axi_csr.vhd:380]
INFO: [Synth 8-10443] VHDL file 'C:/Users/gattous/Vivado_Workspace/litefury_pcie_daq_2/ip_repo/axi_csr_3_0/hdl/axi_csr_slave_lite_v3_0_axi_csr.vhd' is ignored due to errors
ERROR: [Synth 8-12189] Failed to read vhdl 'C:/Users/gattous/Vivado_Workspace/litefury_pcie_daq_2/ip_repo/axi_csr_3_0/hdl/axi_csr_slave_lite_v3_0_axi_csr.vhd'
---------------------------------------------------------------------------------
Finished Synthesize : Time (s): cpu = 00:00:09 ; elapsed = 00:00:09 . Memory (MB): peak = 2280.434 ; gain = 627.320
---------------------------------------------------------------------------------
synthesize failed
INFO: [Common 17-83] Releasing license: Synthesis
7 Infos, 0 Warnings, 0 Critical Warnings and 4 Errors encountered.
synth_design completed successfully
synth_design: Time (s): cpu = 00:00:10 ; elapsed = 00:00:09 . Memory (MB): peak = 2280.434 ; gain = 627.320
ERROR: [Common 17-39] 'synth_design' failed due to earlier errors.
synth_design -top axi_csr_V3_0 -part xc7a100tfgg484-2 -lint 
Command: synth_design -top axi_csr_V3_0 -part xc7a100tfgg484-2 -lint
Starting synth_design
Attempting to get a license for feature 'Synthesis' and/or device 'xc7a100t'
INFO: [Common 17-349] Got license for feature 'Synthesis' and/or device 'xc7a100t'
INFO: [Synth 8-7079] Multithreading enabled for synth_design using a maximum of 2 processes.
---------------------------------------------------------------------------------
Starting Synthesize : Time (s): cpu = 00:00:07 ; elapsed = 00:00:06 . Memory (MB): peak = 2280.434 ; gain = 0.000
---------------------------------------------------------------------------------
Clean up Linter database...
ERROR: [Synth 8-10557] cannot read from 'out' object 'irq_pending_a'; use 'buffer' or 'inout' instead [C:/Users/gattous/Vivado_Workspace/litefury_pcie_daq_2/ip_repo/axi_csr_3_0/hdl/axi_csr_slave_lite_v3_0_axi_csr.vhd:262]
ERROR: [Synth 8-10557] cannot read from 'out' object 'irq_pending_b'; use 'buffer' or 'inout' instead [C:/Users/gattous/Vivado_Workspace/litefury_pcie_daq_2/ip_repo/axi_csr_3_0/hdl/axi_csr_slave_lite_v3_0_axi_csr.vhd:271]
ERROR: [Synth 8-10557] cannot read from 'out' object 'soft_reset'; use 'buffer' or 'inout' instead [C:/Users/gattous/Vivado_Workspace/litefury_pcie_daq_2/ip_repo/axi_csr_3_0/hdl/axi_csr_slave_lite_v3_0_axi_csr.vhd:229]
INFO: [Synth 8-11252] unit 'arch_imp' is ignored due to previous errors [C:/Users/gattous/Vivado_Workspace/litefury_pcie_daq_2/ip_repo/axi_csr_3_0/hdl/axi_csr_slave_lite_v3_0_axi_csr.vhd:380]
INFO: [Synth 8-10443] VHDL file 'C:/Users/gattous/Vivado_Workspace/litefury_pcie_daq_2/ip_repo/axi_csr_3_0/hdl/axi_csr_slave_lite_v3_0_axi_csr.vhd' is ignored due to errors
ERROR: [Synth 8-12189] Failed to read vhdl 'C:/Users/gattous/Vivado_Workspace/litefury_pcie_daq_2/ip_repo/axi_csr_3_0/hdl/axi_csr_slave_lite_v3_0_axi_csr.vhd'
---------------------------------------------------------------------------------
Finished Synthesize : Time (s): cpu = 00:00:08 ; elapsed = 00:00:08 . Memory (MB): peak = 2292.359 ; gain = 11.926
---------------------------------------------------------------------------------
synthesize failed
INFO: [Common 17-83] Releasing license: Synthesis
5 Infos, 0 Warnings, 0 Critical Warnings and 4 Errors encountered.
synth_design completed successfully
synth_design: Time (s): cpu = 00:00:08 ; elapsed = 00:00:08 . Memory (MB): peak = 2292.359 ; gain = 11.926
ERROR: [Common 17-39] 'synth_design' failed due to earlier errors.
WARNING: [filemgmt 56-199] Attempt to get parsing info during refresh. "On-the-fly" syntax checking information may be incorrect. [C:\Users\gattous\Vivado_Workspace\litefury_pcie_daq_2\ip_repo\axi_csr_3_0\hdl\axi_csr_slave_lite_v3_0_axi_csr.vhd:]
WARNING: [filemgmt 56-199] Attempt to get parsing info during refresh. "On-the-fly" syntax checking information may be incorrect. [C:\Users\gattous\Vivado_Workspace\litefury_pcie_daq_2\ip_repo\axi_csr_3_0\hdl\axi_csr_v3_0.vhd:]
WARNING: [filemgmt 56-199] Attempt to get parsing info during refresh. "On-the-fly" syntax checking information may be incorrect. [C:\Users\gattous\Vivado_Workspace\litefury_pcie_daq_2\ip_repo\axi_csr_3_0\hdl\axi_csr_v3_0.vhd:]
WARNING: [filemgmt 56-199] Attempt to get parsing info during refresh. "On-the-fly" syntax checking information may be incorrect. [C:\Users\gattous\Vivado_Workspace\litefury_pcie_daq_2\ip_repo\axi_csr_3_0\hdl\axi_csr_v3_0.vhd:]
ERROR: [Common 17-180] Spawn failed: Der Vorgang wurde erfolgreich beendet.

WARNING: [filemgmt 56-199] Attempt to get parsing info during refresh. "On-the-fly" syntax checking information may be incorrect. [C:\Users\gattous\Vivado_Workspace\litefury_pcie_daq_2\ip_repo\axi_csr_3_0\hdl\axi_csr_slave_lite_v3_0_axi_csr.vhd:]
WARNING: [filemgmt 56-199] Attempt to get parsing info during refresh. "On-the-fly" syntax checking information may be incorrect. [C:\Users\gattous\Vivado_Workspace\litefury_pcie_daq_2\ip_repo\axi_csr_3_0\hdl\axi_csr_v3_0.vhd:]
WARNING: [filemgmt 56-199] Attempt to get parsing info during refresh. "On-the-fly" syntax checking information may be incorrect. [C:\Users\gattous\Vivado_Workspace\litefury_pcie_daq_2\ip_repo\axi_csr_3_0\hdl\axi_csr_slave_lite_v3_0_axi_csr.vhd:]
WARNING: [filemgmt 56-199] Attempt to get parsing info during refresh. "On-the-fly" syntax checking information may be incorrect. [C:\Users\gattous\Vivado_Workspace\litefury_pcie_daq_2\ip_repo\axi_csr_3_0\hdl\axi_csr_slave_lite_v3_0_axi_csr.vhd:]
ERROR: [Common 17-180] Spawn failed: Der Vorgang wurde erfolgreich beendet.

WARNING: [filemgmt 56-199] Attempt to get parsing info during refresh. "On-the-fly" syntax checking information may be incorrect. [C:\Users\gattous\Vivado_Workspace\litefury_pcie_daq_2\ip_repo\axi_csr_3_0\hdl\axi_csr_slave_lite_v3_0_axi_csr.vhd:]
WARNING: [filemgmt 56-199] Attempt to get parsing info during refresh. "On-the-fly" syntax checking information may be incorrect. [C:\Users\gattous\Vivado_Workspace\litefury_pcie_daq_2\ip_repo\axi_csr_3_0\hdl\axi_csr_v3_0.vhd:]
WARNING: [filemgmt 56-199] Attempt to get parsing info during refresh. "On-the-fly" syntax checking information may be incorrect. [C:\Users\gattous\Vivado_Workspace\litefury_pcie_daq_2\ip_repo\axi_csr_3_0\hdl\axi_csr_slave_lite_v3_0_axi_csr.vhd:]
WARNING: [filemgmt 56-199] Attempt to get parsing info during refresh. "On-the-fly" syntax checking information may be incorrect. [C:\Users\gattous\Vivado_Workspace\litefury_pcie_daq_2\ip_repo\axi_csr_3_0\hdl\axi_csr_slave_lite_v3_0_axi_csr.vhd:]
ERROR: [Common 17-180] Spawn failed: Der Vorgang wurde erfolgreich beendet.

WARNING: [filemgmt 56-199] Attempt to get parsing info during refresh. "On-the-fly" syntax checking information may be incorrect. [C:\Users\gattous\Vivado_Workspace\litefury_pcie_daq_2\ip_repo\axi_csr_3_0\hdl\axi_csr_slave_lite_v3_0_axi_csr.vhd:]
WARNING: [filemgmt 56-199] Attempt to get parsing info during refresh. "On-the-fly" syntax checking information may be incorrect. [C:\Users\gattous\Vivado_Workspace\litefury_pcie_daq_2\ip_repo\axi_csr_3_0\hdl\axi_csr_v3_0.vhd:]
WARNING: [filemgmt 56-199] Attempt to get parsing info during refresh. "On-the-fly" syntax checking information may be incorrect. [C:\Users\gattous\Vivado_Workspace\litefury_pcie_daq_2\ip_repo\axi_csr_3_0\hdl\axi_csr_slave_lite_v3_0_axi_csr.vhd:]
WARNING: [filemgmt 56-199] Attempt to get parsing info during refresh. "On-the-fly" syntax checking information may be incorrect. [C:\Users\gattous\Vivado_Workspace\litefury_pcie_daq_2\ip_repo\axi_csr_3_0\hdl\axi_csr_slave_lite_v3_0_axi_csr.vhd:]
ERROR: [Common 17-180] Spawn failed: Der Vorgang wurde erfolgreich beendet.

synth_design -top axi_csr_V3_0 -part xc7a100tfgg484-2 -lint 
Command: synth_design -top axi_csr_V3_0 -part xc7a100tfgg484-2 -lint
Starting synth_design
Attempting to get a license for feature 'Synthesis' and/or device 'xc7a100t'
INFO: [Common 17-349] Got license for feature 'Synthesis' and/or device 'xc7a100t'
INFO: [Synth 8-7079] Multithreading enabled for synth_design using a maximum of 2 processes.
---------------------------------------------------------------------------------
Starting Synthesize : Time (s): cpu = 00:00:07 ; elapsed = 00:00:07 . Memory (MB): peak = 2299.500 ; gain = 7.141
---------------------------------------------------------------------------------
Clean up Linter database...
INFO: [Synth 8-638] synthesizing module 'axi_csr_V3_0' [C:/Users/gattous/Vivado_Workspace/litefury_pcie_daq_2/ip_repo/axi_csr_3_0/hdl/axi_csr_v3_0.vhd:54]
	Parameter C_S_AXI_DATA_WIDTH bound to: 32 - type: integer 
	Parameter C_S_AXI_ADDR_WIDTH bound to: 4 - type: integer 
INFO: [Synth 8-3491] module 'axi_csr_slave_lite_v3_0_CONTROL_STATUS_REG' declared at 'C:/Users/gattous/Vivado_Workspace/litefury_pcie_daq_2/ip_repo/axi_csr_3_0/hdl/axi_csr_slave_lite_v3_0_axi_csr.vhd:5' bound to instance 'axi_csr_slave_lite_v3_0_CONTROL_STATUS_REG_inst' of component 'axi_csr_slave_lite_v3_0_CONTROL_STATUS_REG' [C:/Users/gattous/Vivado_Workspace/litefury_pcie_daq_2/ip_repo/axi_csr_3_0/hdl/axi_csr_v3_0.vhd:101]
INFO: [Synth 8-638] synthesizing module 'axi_csr_slave_lite_v3_0_CONTROL_STATUS_REG' [C:/Users/gattous/Vivado_Workspace/litefury_pcie_daq_2/ip_repo/axi_csr_3_0/hdl/axi_csr_slave_lite_v3_0_axi_csr.vhd:104]
	Parameter C_S_AXI_DATA_WIDTH bound to: 32 - type: integer 
	Parameter C_S_AXI_ADDR_WIDTH bound to: 4 - type: integer 
INFO: [Synth 8-226] default block is never used [C:/Users/gattous/Vivado_Workspace/litefury_pcie_daq_2/ip_repo/axi_csr_3_0/hdl/axi_csr_slave_lite_v3_0_axi_csr.vhd:243]
INFO: [Synth 8-256] done synthesizing module 'axi_csr_slave_lite_v3_0_CONTROL_STATUS_REG' (1#1) [C:/Users/gattous/Vivado_Workspace/litefury_pcie_daq_2/ip_repo/axi_csr_3_0/hdl/axi_csr_slave_lite_v3_0_axi_csr.vhd:104]
INFO: [Synth 8-256] done synthesizing module 'axi_csr_V3_0' (2#1) [C:/Users/gattous/Vivado_Workspace/litefury_pcie_daq_2/ip_repo/axi_csr_3_0/hdl/axi_csr_v3_0.vhd:54]
---------------------------------------------------------------------------------
Finished Synthesize : Time (s): cpu = 00:00:10 ; elapsed = 00:00:09 . Memory (MB): peak = 2321.688 ; gain = 29.328
---------------------------------------------------------------------------------
Copyright 1986-2022 Xilinx, Inc. All Rights Reserved. Copyright 2022-2025 Advanced Micro Devices, Inc. All Rights Reserved.
---------------------------------------------------------------------------------------------------------------------------------------------
| Tool Version : Vivado v.2025.2 (win64) Build 6299465 Fri Nov 14 19:35:11 GMT 2025
| Date         : Wed Aug  5 21:39:43 2026
| Host         : DESKTOP-VSMVSJ6 running 64-bit major release  (build 9200)
---------------------------------------------------------------------------------------------------------------------------------------------

RTL Linter Report

Table of Contents
-----------------
1. Summary

1. Summary
----------

+-----------+----------+--------------+----------+
| Rule ID   | Severity | # Violations | # Waived |
+-----------+----------+--------------+----------+
| ASSIGN-10 | WARNING  | 2            | 0        |
+-----------+----------+--------------+----------+


WARNING: [Synth 37-125] [ASSIGN-10]Some bits in IO 'S_AXI_ARPROT' are not read. First unread bit index is 0. 
RTL Name 'S_AXI_ARPROT', Hierarchy 'axi_csr_slave_lite_v3_0_CONTROL_STATUS_REG', File 'axi_csr_slave_lite_v3_0_axi_csr.vhd', Line 83.
WARNING: [Synth 37-125] [ASSIGN-10]Some bits in IO 'S_AXI_AWPROT' are not read. First unread bit index is 0. 
RTL Name 'S_AXI_AWPROT', Hierarchy 'axi_csr_slave_lite_v3_0_CONTROL_STATUS_REG', File 'axi_csr_slave_lite_v3_0_axi_csr.vhd', Line 50.
INFO: [Synth 37-85] Total of 2 linter message(s) generated.
INFO: [Synth 37-45] Linter Run Finished!
Synthesis Optimization Runtime : Time (s): cpu = 00:00:10 ; elapsed = 00:00:09 . Memory (MB): peak = 2321.688 ; gain = 29.328
INFO: [Common 17-83] Releasing license: Synthesis
11 Infos, 2 Warnings, 0 Critical Warnings and 0 Errors encountered.
synth_design completed successfully
synth_design: Time (s): cpu = 00:00:10 ; elapsed = 00:00:09 . Memory (MB): peak = 2321.688 ; gain = 29.328
remove_files  C:/Users/gattous/Vivado_Workspace/litefury_pcie_daq_2/ip_repo/axi_csr_3_0/hdl/axi_csr_v3_0.vhd
set_property SOURCE_SET sources_1 [get_filesets sim_1]
add_files -fileset sim_1 -norecurse C:/Users/gattous/Vivado_Workspace/litefury_pcie_daq_2/ip_repo/axi_csr_3_0/src/CSR_V3_0_tb.vhd
update_compile_order -fileset sim_1
synth_design -top axi_csr_slave_lite_v3_0_CONTROL_STATUS_REG -part xc7a100tfgg484-2 -lint 
Command: synth_design -top axi_csr_slave_lite_v3_0_CONTROL_STATUS_REG -part xc7a100tfgg484-2 -lint
Starting synth_design
Attempting to get a license for feature 'Synthesis' and/or device 'xc7a100t'
INFO: [Common 17-349] Got license for feature 'Synthesis' and/or device 'xc7a100t'
INFO: [Synth 8-7079] Multithreading enabled for synth_design using a maximum of 2 processes.
WARNING: [Common 17-1361] You have specified a new message control rule that is equivalent to an existing rule with attributes ' -id {17-179}  -suppress '. The existing rule will be replaced.
---------------------------------------------------------------------------------
Starting Synthesize : Time (s): cpu = 00:00:08 ; elapsed = 00:00:06 . Memory (MB): peak = 2615.809 ; gain = 0.000
---------------------------------------------------------------------------------
Clean up Linter database...
INFO: [Synth 8-638] synthesizing module 'axi_csr_slave_lite_v3_0_CONTROL_STATUS_REG' [C:/Users/gattous/Vivado_Workspace/litefury_pcie_daq_2/ip_repo/axi_csr_3_0/hdl/axi_csr_slave_lite_v3_0_axi_csr.vhd:104]
INFO: [Synth 8-226] default block is never used [C:/Users/gattous/Vivado_Workspace/litefury_pcie_daq_2/ip_repo/axi_csr_3_0/hdl/axi_csr_slave_lite_v3_0_axi_csr.vhd:243]
INFO: [Synth 8-256] done synthesizing module 'axi_csr_slave_lite_v3_0_CONTROL_STATUS_REG' (1#1) [C:/Users/gattous/Vivado_Workspace/litefury_pcie_daq_2/ip_repo/axi_csr_3_0/hdl/axi_csr_slave_lite_v3_0_axi_csr.vhd:104]
---------------------------------------------------------------------------------
Finished Synthesize : Time (s): cpu = 00:00:10 ; elapsed = 00:00:09 . Memory (MB): peak = 2615.809 ; gain = 0.000
---------------------------------------------------------------------------------
Copyright 1986-2022 Xilinx, Inc. All Rights Reserved. Copyright 2022-2025 Advanced Micro Devices, Inc. All Rights Reserved.
---------------------------------------------------------------------------------------------------------------------------------------------
| Tool Version : Vivado v.2025.2 (win64) Build 6299465 Fri Nov 14 19:35:11 GMT 2025
| Date         : Wed Aug  5 21:42:49 2026
| Host         : DESKTOP-VSMVSJ6 running 64-bit major release  (build 9200)
---------------------------------------------------------------------------------------------------------------------------------------------

RTL Linter Report

Table of Contents
-----------------
1. Summary

1. Summary
----------

+-----------+----------+--------------+----------+
| Rule ID   | Severity | # Violations | # Waived |
+-----------+----------+--------------+----------+
| ASSIGN-10 | WARNING  | 2            | 0        |
+-----------+----------+--------------+----------+


WARNING: [Synth 37-125] [ASSIGN-10]Some bits in IO 'S_AXI_ARPROT' are not read. First unread bit index is 0. 
RTL Name 'S_AXI_ARPROT', Hierarchy 'axi_csr_slave_lite_v3_0_CONTROL_STATUS_REG', File 'axi_csr_slave_lite_v3_0_axi_csr.vhd', Line 83.
WARNING: [Synth 37-125] [ASSIGN-10]Some bits in IO 'S_AXI_AWPROT' are not read. First unread bit index is 0. 
RTL Name 'S_AXI_AWPROT', Hierarchy 'axi_csr_slave_lite_v3_0_CONTROL_STATUS_REG', File 'axi_csr_slave_lite_v3_0_axi_csr.vhd', Line 50.
INFO: [Synth 37-85] Total of 2 linter message(s) generated.
INFO: [Synth 37-45] Linter Run Finished!
Synthesis Optimization Runtime : Time (s): cpu = 00:00:10 ; elapsed = 00:00:09 . Memory (MB): peak = 2615.809 ; gain = 0.000
INFO: [Common 17-83] Releasing license: Synthesis
8 Infos, 3 Warnings, 0 Critical Warnings and 0 Errors encountered.
synth_design completed successfully
synth_design: Time (s): cpu = 00:00:10 ; elapsed = 00:00:09 . Memory (MB): peak = 2615.809 ; gain = 0.000
file mkdir C:/Users/gattous/Vivado_Workspace/litefury_pcie_daq_2/ip_repo/edit_axi_csr_v3_0.srcs/sim_1/new
set_property SOURCE_SET sources_1 [get_filesets sim_1]
close [ open C:/Users/gattous/Vivado_Workspace/litefury_pcie_daq_2/ip_repo/edit_axi_csr_v3_0.srcs/sim_1/new/CSR_V3_0_tb.vhd w ]
add_files -fileset sim_1 C:/Users/gattous/Vivado_Workspace/litefury_pcie_daq_2/ip_repo/edit_axi_csr_v3_0.srcs/sim_1/new/CSR_V3_0_tb.vhd
update_compile_order -fileset sim_1
update_compile_order -fileset sim_1
add_files -norecurse C:/Users/gattous/Vivado_Workspace/litefury_pcie_daq_2/ip_repo/axi_csr_3_0/hdl/axi_csr_v3_0.vhd
WARNING: [filemgmt 56-199] Attempt to get parsing info during refresh. "On-the-fly" syntax checking information may be incorrect. [C:\Users\gattous\Vivado_Workspace\litefury_pcie_daq_2\ip_repo\axi_csr_3_0\hdl\axi_csr_slave_lite_v3_0_axi_csr.vhd:]
WARNING: [filemgmt 56-199] Attempt to get parsing info during refresh. "On-the-fly" syntax checking information may be incorrect. [C:\Users\gattous\Vivado_Workspace\litefury_pcie_daq_2\ip_repo\axi_csr_3_0\src\CSR_V3_0_tb.vhd:]
WARNING: [filemgmt 56-199] Attempt to get parsing info during refresh. "On-the-fly" syntax checking information may be incorrect. [C:\Users\gattous\Vivado_Workspace\litefury_pcie_daq_2\ip_repo\axi_csr_3_0\hdl\axi_csr_v3_0.vhd:]
WARNING: [filemgmt 56-199] Attempt to get parsing info during refresh. "On-the-fly" syntax checking information may be incorrect. [C:\Users\gattous\Vivado_Workspace\litefury_pcie_daq_2\ip_repo\axi_csr_3_0\hdl\axi_csr_slave_lite_v3_0_axi_csr.vhd:]
WARNING: [filemgmt 56-199] Attempt to get parsing info during refresh. "On-the-fly" syntax checking information may be incorrect. [C:\Users\gattous\Vivado_Workspace\litefury_pcie_daq_2\ip_repo\axi_csr_3_0\hdl\axi_csr_slave_lite_v3_0_axi_csr.vhd:]
WARNING: [filemgmt 56-199] Attempt to get parsing info during refresh. "On-the-fly" syntax checking information may be incorrect. [C:\Users\gattous\Vivado_Workspace\litefury_pcie_daq_2\ip_repo\axi_csr_3_0\hdl\axi_csr_slave_lite_v3_0_axi_csr.vhd:]
WARNING: [filemgmt 56-199] Attempt to get parsing info during refresh. "On-the-fly" syntax checking information may be incorrect. [C:\Users\gattous\Vivado_Workspace\litefury_pcie_daq_2\ip_repo\axi_csr_3_0\src\CSR_V3_0_tb.vhd:]
WARNING: [filemgmt 56-199] Attempt to get parsing info during refresh. "On-the-fly" syntax checking information may be incorrect. [C:\Users\gattous\Vivado_Workspace\litefury_pcie_daq_2\ip_repo\axi_csr_3_0\hdl\axi_csr_v3_0.vhd:]
WARNING: [filemgmt 56-199] Attempt to get parsing info during refresh. "On-the-fly" syntax checking information may be incorrect. [C:\Users\gattous\Vivado_Workspace\litefury_pcie_daq_2\ip_repo\axi_csr_3_0\src\CSR_V3_0_tb.vhd:]
WARNING: [filemgmt 56-199] Attempt to get parsing info during refresh. "On-the-fly" syntax checking information may be incorrect. [C:\Users\gattous\Vivado_Workspace\litefury_pcie_daq_2\ip_repo\axi_csr_3_0\src\CSR_V3_0_tb.vhd:]
ERROR: [Common 17-180] Spawn failed: Der Vorgang wurde erfolgreich beendet.

update_compile_order -fileset sources_1
WARNING: [filemgmt 56-199] Attempt to get parsing info during refresh. "On-the-fly" syntax checking information may be incorrect. [C:\Users\gattous\Vivado_Workspace\litefury_pcie_daq_2\ip_repo\axi_csr_3_0\hdl\axi_csr_slave_lite_v3_0_axi_csr.vhd:]
WARNING: [filemgmt 56-199] Attempt to get parsing info during refresh. "On-the-fly" syntax checking information may be incorrect. [C:\Users\gattous\Vivado_Workspace\litefury_pcie_daq_2\ip_repo\axi_csr_3_0\src\CSR_V3_0_tb.vhd:]
WARNING: [filemgmt 56-199] Attempt to get parsing info during refresh. "On-the-fly" syntax checking information may be incorrect. [C:\Users\gattous\Vivado_Workspace\litefury_pcie_daq_2\ip_repo\axi_csr_3_0\hdl\axi_csr_v3_0.vhd:]
WARNING: [filemgmt 56-199] Attempt to get parsing info during refresh. "On-the-fly" syntax checking information may be incorrect. [C:\Users\gattous\Vivado_Workspace\litefury_pcie_daq_2\ip_repo\axi_csr_3_0\hdl\axi_csr_slave_lite_v3_0_axi_csr.vhd:]
WARNING: [filemgmt 56-199] Attempt to get parsing info during refresh. "On-the-fly" syntax checking information may be incorrect. [C:\Users\gattous\Vivado_Workspace\litefury_pcie_daq_2\ip_repo\axi_csr_3_0\hdl\axi_csr_slave_lite_v3_0_axi_csr.vhd:]
ERROR: [Common 17-180] Spawn failed: Der Vorgang wurde erfolgreich beendet.

WARNING: [filemgmt 56-199] Attempt to get parsing info during refresh. "On-the-fly" syntax checking information may be incorrect. [C:\Users\gattous\Vivado_Workspace\litefury_pcie_daq_2\ip_repo\axi_csr_3_0\hdl\axi_csr_slave_lite_v3_0_axi_csr.vhd:]
WARNING: [filemgmt 56-199] Attempt to get parsing info during refresh. "On-the-fly" syntax checking information may be incorrect. [C:\Users\gattous\Vivado_Workspace\litefury_pcie_daq_2\ip_repo\axi_csr_3_0\src\CSR_V3_0_tb.vhd:]
WARNING: [filemgmt 56-199] Attempt to get parsing info during refresh. "On-the-fly" syntax checking information may be incorrect. [C:\Users\gattous\Vivado_Workspace\litefury_pcie_daq_2\ip_repo\axi_csr_3_0\hdl\axi_csr_v3_0.vhd:]
WARNING: [filemgmt 56-199] Attempt to get parsing info during refresh. "On-the-fly" syntax checking information may be incorrect. [C:\Users\gattous\Vivado_Workspace\litefury_pcie_daq_2\ip_repo\axi_csr_3_0\hdl\axi_csr_v3_0.vhd:]
WARNING: [filemgmt 56-199] Attempt to get parsing info during refresh. "On-the-fly" syntax checking information may be incorrect. [C:\Users\gattous\Vivado_Workspace\litefury_pcie_daq_2\ip_repo\axi_csr_3_0\hdl\axi_csr_v3_0.vhd:]
update_compile_order -fileset sources_1
WARNING: [filemgmt 56-199] Attempt to get parsing info during refresh. "On-the-fly" syntax checking information may be incorrect. [C:\Users\gattous\Vivado_Workspace\litefury_pcie_daq_2\ip_repo\axi_csr_3_0\hdl\axi_csr_slave_lite_v3_0_axi_csr.vhd:]
WARNING: [filemgmt 56-199] Attempt to get parsing info during refresh. "On-the-fly" syntax checking information may be incorrect. [C:\Users\gattous\Vivado_Workspace\litefury_pcie_daq_2\ip_repo\axi_csr_3_0\src\CSR_V3_0_tb.vhd:]
WARNING: [filemgmt 56-199] Attempt to get parsing info during refresh. "On-the-fly" syntax checking information may be incorrect. [C:\Users\gattous\Vivado_Workspace\litefury_pcie_daq_2\ip_repo\axi_csr_3_0\hdl\axi_csr_v3_0.vhd:]
WARNING: [filemgmt 56-199] Attempt to get parsing info during refresh. "On-the-fly" syntax checking information may be incorrect. [C:\Users\gattous\Vivado_Workspace\litefury_pcie_daq_2\ip_repo\axi_csr_3_0\src\CSR_V3_0_tb.vhd:]
WARNING: [filemgmt 56-199] Attempt to get parsing info during refresh. "On-the-fly" syntax checking information may be incorrect. [C:\Users\gattous\Vivado_Workspace\litefury_pcie_daq_2\ip_repo\axi_csr_3_0\src\CSR_V3_0_tb.vhd:]
WARNING: [filemgmt 56-199] Attempt to get parsing info during refresh. "On-the-fly" syntax checking information may be incorrect. [C:\Users\gattous\Vivado_Workspace\litefury_pcie_daq_2\ip_repo\axi_csr_3_0\hdl\axi_csr_slave_lite_v3_0_axi_csr.vhd:]
WARNING: [filemgmt 56-199] Attempt to get parsing info during refresh. "On-the-fly" syntax checking information may be incorrect. [C:\Users\gattous\Vivado_Workspace\litefury_pcie_daq_2\ip_repo\axi_csr_3_0\src\CSR_V3_0_tb.vhd:]
WARNING: [filemgmt 56-199] Attempt to get parsing info during refresh. "On-the-fly" syntax checking information may be incorrect. [C:\Users\gattous\Vivado_Workspace\litefury_pcie_daq_2\ip_repo\axi_csr_3_0\hdl\axi_csr_v3_0.vhd:]
WARNING: [filemgmt 56-199] Attempt to get parsing info during refresh. "On-the-fly" syntax checking information may be incorrect. [C:\Users\gattous\Vivado_Workspace\litefury_pcie_daq_2\ip_repo\axi_csr_3_0\hdl\axi_csr_slave_lite_v3_0_axi_csr.vhd:]
WARNING: [filemgmt 56-199] Attempt to get parsing info during refresh. "On-the-fly" syntax checking information may be incorrect. [C:\Users\gattous\Vivado_Workspace\litefury_pcie_daq_2\ip_repo\axi_csr_3_0\hdl\axi_csr_slave_lite_v3_0_axi_csr.vhd:]
ERROR: [Common 17-180] Spawn failed: Der Vorgang wurde erfolgreich beendet.

synth_design -top axi_csr_V3_0 -part xc7a100tfgg484-2 -lint 
Command: synth_design -top axi_csr_V3_0 -part xc7a100tfgg484-2 -lint
Starting synth_design
Attempting to get a license for feature 'Synthesis' and/or device 'xc7a100t'
INFO: [Common 17-349] Got license for feature 'Synthesis' and/or device 'xc7a100t'
INFO: [Synth 8-7079] Multithreading enabled for synth_design using a maximum of 2 processes.
---------------------------------------------------------------------------------
Starting Synthesize : Time (s): cpu = 00:00:07 ; elapsed = 00:00:06 . Memory (MB): peak = 2615.809 ; gain = 0.000
---------------------------------------------------------------------------------
Clean up Linter database...
INFO: [Synth 8-638] synthesizing module 'axi_csr_V3_0' [C:/Users/gattous/Vivado_Workspace/litefury_pcie_daq_2/ip_repo/axi_csr_3_0/hdl/axi_csr_v3_0.vhd:54]
	Parameter C_S_AXI_DATA_WIDTH bound to: 32 - type: integer 
	Parameter C_S_AXI_ADDR_WIDTH bound to: 4 - type: integer 
INFO: [Synth 8-3491] module 'axi_csr_slave_lite_v3_0_CONTROL_STATUS_REG' declared at 'C:/Users/gattous/Vivado_Workspace/litefury_pcie_daq_2/ip_repo/axi_csr_3_0/hdl/axi_csr_slave_lite_v3_0_axi_csr.vhd:5' bound to instance 'axi_csr_slave_lite_v3_0_CONTROL_STATUS_REG_inst' of component 'axi_csr_slave_lite_v3_0_CONTROL_STATUS_REG' [C:/Users/gattous/Vivado_Workspace/litefury_pcie_daq_2/ip_repo/axi_csr_3_0/hdl/axi_csr_v3_0.vhd:101]
INFO: [Synth 8-638] synthesizing module 'axi_csr_slave_lite_v3_0_CONTROL_STATUS_REG' [C:/Users/gattous/Vivado_Workspace/litefury_pcie_daq_2/ip_repo/axi_csr_3_0/hdl/axi_csr_slave_lite_v3_0_axi_csr.vhd:104]
	Parameter C_S_AXI_DATA_WIDTH bound to: 32 - type: integer 
	Parameter C_S_AXI_ADDR_WIDTH bound to: 4 - type: integer 
INFO: [Synth 8-226] default block is never used [C:/Users/gattous/Vivado_Workspace/litefury_pcie_daq_2/ip_repo/axi_csr_3_0/hdl/axi_csr_slave_lite_v3_0_axi_csr.vhd:243]
INFO: [Synth 8-256] done synthesizing module 'axi_csr_slave_lite_v3_0_CONTROL_STATUS_REG' (1#1) [C:/Users/gattous/Vivado_Workspace/litefury_pcie_daq_2/ip_repo/axi_csr_3_0/hdl/axi_csr_slave_lite_v3_0_axi_csr.vhd:104]
INFO: [Synth 8-256] done synthesizing module 'axi_csr_V3_0' (2#1) [C:/Users/gattous/Vivado_Workspace/litefury_pcie_daq_2/ip_repo/axi_csr_3_0/hdl/axi_csr_v3_0.vhd:54]
---------------------------------------------------------------------------------
Finished Synthesize : Time (s): cpu = 00:00:09 ; elapsed = 00:00:08 . Memory (MB): peak = 2615.809 ; gain = 0.000
---------------------------------------------------------------------------------
Copyright 1986-2022 Xilinx, Inc. All Rights Reserved. Copyright 2022-2025 Advanced Micro Devices, Inc. All Rights Reserved.
---------------------------------------------------------------------------------------------------------------------------------------------
| Tool Version : Vivado v.2025.2 (win64) Build 6299465 Fri Nov 14 19:35:11 GMT 2025
| Date         : Wed Aug  5 21:46:20 2026
| Host         : DESKTOP-VSMVSJ6 running 64-bit major release  (build 9200)
---------------------------------------------------------------------------------------------------------------------------------------------

RTL Linter Report

Table of Contents
-----------------
1. Summary

1. Summary
----------

+-----------+----------+--------------+----------+
| Rule ID   | Severity | # Violations | # Waived |
+-----------+----------+--------------+----------+
| ASSIGN-10 | WARNING  | 2            | 0        |
+-----------+----------+--------------+----------+


WARNING: [Synth 37-125] [ASSIGN-10]Some bits in IO 'S_AXI_ARPROT' are not read. First unread bit index is 0. 
RTL Name 'S_AXI_ARPROT', Hierarchy 'axi_csr_slave_lite_v3_0_CONTROL_STATUS_REG', File 'axi_csr_slave_lite_v3_0_axi_csr.vhd', Line 83.
WARNING: [Synth 37-125] [ASSIGN-10]Some bits in IO 'S_AXI_AWPROT' are not read. First unread bit index is 0. 
RTL Name 'S_AXI_AWPROT', Hierarchy 'axi_csr_slave_lite_v3_0_CONTROL_STATUS_REG', File 'axi_csr_slave_lite_v3_0_axi_csr.vhd', Line 50.
INFO: [Synth 37-85] Total of 2 linter message(s) generated.
INFO: [Synth 37-45] Linter Run Finished!
Synthesis Optimization Runtime : Time (s): cpu = 00:00:09 ; elapsed = 00:00:08 . Memory (MB): peak = 2615.809 ; gain = 0.000
INFO: [Common 17-83] Releasing license: Synthesis
11 Infos, 2 Warnings, 0 Critical Warnings and 0 Errors encountered.
synth_design completed successfully
synth_design: Time (s): cpu = 00:00:09 ; elapsed = 00:00:08 . Memory (MB): peak = 2615.809 ; gain = 0.000
exit
INFO: [Common 17-206] Exiting Vivado at Wed Aug  5 21:47:17 2026...
