#-----------------------------------------------------------
# Vivado v2025.2 (64-bit)
# SW Build 6299465 on Fri Nov 14 19:35:11 GMT 2025
# IP Build 6300035 on Fri Nov 14 10:48:45 MST 2025
# SharedData Build 6298862 on Thu Nov 13 04:50:51 MST 2025
# Start of session at: Wed Aug  5 21:30:03 2026
# Process ID         : 12960
# Current directory  : C:/Users/gattous/Vivado_Workspace/litefury_pcie_daq_2/ip_repo
# Command line       : vivado.exe -gui_launcher_event rodinguilauncherevent3044 C:\Users\gattous\Vivado_Workspace\litefury_pcie_daq_2\ip_repo\edit_axi_csr_v3_0.xpr
# Log file           : C:/Users/gattous/Vivado_Workspace/litefury_pcie_daq_2/ip_repo/vivado.log
# Journal file       : C:/Users/gattous/Vivado_Workspace/litefury_pcie_daq_2/ip_repo\vivado.jou
# Running On         : DESKTOP-VSMVSJ6
# Platform           : Windows Server 2016 or Windows 10
# Operating System   : 26200
# Processor Detail   : Intel(R) Core(TM) i7-8700 CPU @ 3.20GHz
# CPU Frequency      : 3192 MHz
# CPU Physical cores : 6
# CPU Logical cores  : 12
# Host memory        : 16999 MB
# Swap memory        : 3892 MB
# Total Virtual      : 20892 MB
# Available Virtual  : 3326 MB
#-----------------------------------------------------------
start_gui
open_project C:/Users/gattous/Vivado_Workspace/litefury_pcie_daq_2/ip_repo/edit_axi_csr_v3_0.xpr
update_compile_order -fileset sources_1
synth_design -top axi_csr_V3_0 -part xc7a100tfgg484-2 -lint 
synth_design -top axi_csr_V3_0 -part xc7a100tfgg484-2 -lint 
synth_design -top axi_csr_V3_0 -part xc7a100tfgg484-2 -lint 
remove_files  C:/Users/gattous/Vivado_Workspace/litefury_pcie_daq_2/ip_repo/axi_csr_3_0/hdl/axi_csr_v3_0.vhd
set_property SOURCE_SET sources_1 [get_filesets sim_1]
add_files -fileset sim_1 -norecurse C:/Users/gattous/Vivado_Workspace/litefury_pcie_daq_2/ip_repo/axi_csr_3_0/src/CSR_V3_0_tb.vhd
update_compile_order -fileset sim_1
synth_design -top axi_csr_slave_lite_v3_0_CONTROL_STATUS_REG -part xc7a100tfgg484-2 -lint 
file mkdir C:/Users/gattous/Vivado_Workspace/litefury_pcie_daq_2/ip_repo/edit_axi_csr_v3_0.srcs/sim_1/new
set_property SOURCE_SET sources_1 [get_filesets sim_1]
close [ open C:/Users/gattous/Vivado_Workspace/litefury_pcie_daq_2/ip_repo/edit_axi_csr_v3_0.srcs/sim_1/new/CSR_V3_0_tb.vhd w ]
add_files -fileset sim_1 C:/Users/gattous/Vivado_Workspace/litefury_pcie_daq_2/ip_repo/edit_axi_csr_v3_0.srcs/sim_1/new/CSR_V3_0_tb.vhd
update_compile_order -fileset sim_1
update_compile_order -fileset sim_1
add_files -norecurse C:/Users/gattous/Vivado_Workspace/litefury_pcie_daq_2/ip_repo/axi_csr_3_0/hdl/axi_csr_v3_0.vhd
update_compile_order -fileset sources_1
update_compile_order -fileset sources_1
synth_design -top axi_csr_V3_0 -part xc7a100tfgg484-2 -lint 
