#-----------------------------------------------------------
# Vivado v2025.2 (64-bit)
# SW Build 6299465 on Fri Nov 14 19:35:11 GMT 2025
# IP Build 6300035 on Fri Nov 14 10:48:45 MST 2025
# SharedData Build 6298862 on Thu Nov 13 04:50:51 MST 2025
# Start of session at: Thu Aug  6 12:40:38 2026
# Process ID         : 1544
# Current directory  : C:/Users/gattous/Vivado_Workspace/litefury_pcie_daq_2/ip_repo
# Command line       : vivado.exe -gui_launcher_event rodinguilauncherevent7040 C:\Users\gattous\Vivado_Workspace\litefury_pcie_daq_2\ip_repo\edit_axi_csr_v3_0.xpr
# Log file           : C:/Users/gattous/Vivado_Workspace/litefury_pcie_daq_2/ip_repo/vivado.log
# Journal file       : C:/Users/gattous/Vivado_Workspace/litefury_pcie_daq_2/ip_repo\vivado.jou
# Running On         : DESKTOP-VSMVSJ6
# Platform           : Windows Server 2016 or Windows 10
# Operating System   : 26200
# Processor Detail   : Intel(R) Core(TM) i7-8700 CPU @ 3.20GHz
# CPU Frequency      : 3192 MHz
# CPU Physical cores : 6
# CPU Logical cores  : 12
# Host memory        : 16999 MB
# Swap memory        : 3892 MB
# Total Virtual      : 20892 MB
# Available Virtual  : 5023 MB
#-----------------------------------------------------------
start_gui
open_project C:/Users/gattous/Vivado_Workspace/litefury_pcie_daq_2/ip_repo/edit_axi_csr_v3_0.xpr
update_compile_order -fileset sources_1
update_compile_order -fileset sim_1
update_compile_order -fileset sim_1
update_compile_order -fileset sim_1
launch_simulation
source CSR_V3_0_tb.tcl
run 80955 ns
add_wave {{/CSR_V3_0_tb}} 
update_compile_order -fileset sim_1
close_sim
launch_simulation
launch_simulation
launch_simulation
launch_simulation
launch_simulation
launch_simulation
launch_simulation
launch_simulation
launch_simulation
launch_simulation
source CSR_V3_0_tb.tcl
run 80955 ns
run 80955 ns
run 80955 ns
run 80955 ns
run 80955 ns
run 80955 ns
run 80955 ns
run 80955 ns
run 80955 ns
run 80955 ns
run 80955 ns
run 80955 ns
run 80955 ns
run 80955 ns
run 80955 ns
run 80955 ns
run 80955 ns
run 80955 ns
close_sim
launch_simulation
source CSR_V3_0_tb.tcl
close_sim
launch_simulation
source CSR_V3_0_tb.tcl
run 80955 ns
run 80955 ns
run 80955 ns
run 80955 ns
run 80955 ns
run 80955 ns
run 80955 ns
run 80955 ns
run 80955 ns
run 80955 ns
run 80955 ns
run 80955 ns
run 80955 ns
run 80955 ns
run 80955 ns
run 80955 ns
run 80955 ns
run 80955 ns
close_sim
launch_simulation
source CSR_V3_0_tb.tcl
run 80955 ns
run 80955 ns
run 80955 ns
close_sim
launch_simulation
source CSR_V3_0_tb.tcl
run 80955 ns
close_sim
launch_simulation
source CSR_V3_0_tb.tcl
close_sim
launch_simulation
source CSR_V3_0_tb.tcl
close_sim
launch_simulation
source CSR_V3_0_tb.tcl
run 80955 ns
run 80955 ns
run 80955 ns
run 80955 ns
run 80955 ns
run 1000 ns
run 1000 ns
run 1000 ns
run 1000 ns
run all
close_sim
launch_simulation
source CSR_V3_0_tb.tcl
add_bp {C:/Users/gattous/Vivado_Workspace/litefury_pcie_daq_2/ip_repo/axi_csr_3_0/src/CSR_V3_0_tb.vhd} 225
relaunch_sim
step
step
step
step
step
step
step
step
step
step
step
step
step
step
step
step
step
step
step
step
step
step
step
step
step
step
step
step
step
step
step
step
step
step
step
step
step
step
step
step
step
step
step
step
step
step
step
step
step
step
step
step
step
step
step
step
step
step
step
step
step
step
step
step
step
step
step
step
step
step
step
step
step
step
step
step
step
step
step
step
step
step
step
step
step
step
step
step
step
step
step
step
step
step
step
step
step
step
step
step
step
step
step
step
step
step
step
step
step
step
step
step
step
step
step
step
step
step
step
step
step
step
step
step
add_bp {C:/Users/gattous/Vivado_Workspace/litefury_pcie_daq_2/ip_repo/axi_csr_3_0/src/CSR_V3_0_tb.vhd} 233
add_bp {C:/Users/gattous/Vivado_Workspace/litefury_pcie_daq_2/ip_repo/axi_csr_3_0/src/CSR_V3_0_tb.vhd} 235
add_bp {C:/Users/gattous/Vivado_Workspace/litefury_pcie_daq_2/ip_repo/axi_csr_3_0/src/CSR_V3_0_tb.vhd} 237
add_bp {C:/Users/gattous/Vivado_Workspace/litefury_pcie_daq_2/ip_repo/axi_csr_3_0/src/CSR_V3_0_tb.vhd} 240
add_bp {C:/Users/gattous/Vivado_Workspace/litefury_pcie_daq_2/ip_repo/axi_csr_3_0/src/CSR_V3_0_tb.vhd} 241
add_bp {C:/Users/gattous/Vivado_Workspace/litefury_pcie_daq_2/ip_repo/axi_csr_3_0/src/CSR_V3_0_tb.vhd} 244
add_bp {C:/Users/gattous/Vivado_Workspace/litefury_pcie_daq_2/ip_repo/axi_csr_3_0/src/CSR_V3_0_tb.vhd} 246
add_bp {C:/Users/gattous/Vivado_Workspace/litefury_pcie_daq_2/ip_repo/axi_csr_3_0/src/CSR_V3_0_tb.vhd} 247
add_bp {C:/Users/gattous/Vivado_Workspace/litefury_pcie_daq_2/ip_repo/axi_csr_3_0/src/CSR_V3_0_tb.vhd} 249
add_bp {C:/Users/gattous/Vivado_Workspace/litefury_pcie_daq_2/ip_repo/axi_csr_3_0/src/CSR_V3_0_tb.vhd} 252
add_bp {C:/Users/gattous/Vivado_Workspace/litefury_pcie_daq_2/ip_repo/axi_csr_3_0/src/CSR_V3_0_tb.vhd} 253
run all
run all
run all
run all
run all
run all
run all
step
step
step
step
step
step
step
step
step
step
step
step
step
step
step
add_bp {C:/Users/gattous/Vivado_Workspace/litefury_pcie_daq_2/ip_repo/axi_csr_3_0/hdl/axi_csr_slave_lite_v3_0_axi_csr.vhd} 388
step
step
step
step
step
step
step
step
step
step
step
step
step
step
step
step
step
step
step
step
step
step
step
step
step
step
step
step
step
step
step
step
step
step
step
step
step
step
step
step
step
step
step
step
step
step
step
step
step
step
step
step
run all
close_sim
launch_simulation
launch_simulation
launch_simulation
launch_simulation
launch_simulation
source CSR_V3_0_tb.tcl
run all
run all
run all
run all
run all
run all
run all
run all
run all
run all
run all
run all
close_sim
launch_simulation
source CSR_V3_0_tb.tcl
remove_bps -file {C:/Users/gattous/Vivado_Workspace/litefury_pcie_daq_2/ip_repo/axi_csr_3_0/hdl/axi_csr_slave_lite_v3_0_axi_csr.vhd} -line 388
run 200 ns
remove_bps -all
close_sim
launch_simulation
source CSR_V3_0_tb.tcl
run 200 ns
close simulation
close_sim
launch_simulation
source CSR_V3_0_tb.tcl
run 299 ns+
run 299 ns
close_sim
launch_simulation
source CSR_V3_0_tb.tcl
run 299 ns
close_sim
launch_simulation
source CSR_V3_0_tb.tcl
run 299 ns
synth_design -top axi_csr_V3_0 -part xc7a100tfgg484-2 -lint 
close_sim
launch_simulation
source CSR_V3_0_tb.tcl
runs 200 ns
run 200 ns
close_sim
launch_simulation
source CSR_V3_0_tb.tcl
close_sim
launch_simulation
source CSR_V3_0_tb.tcl
close_sim
launch_simulation
source CSR_V3_0_tb.tcl
close_sim
ipx::open_ipxact_file C:/Users/gattous/Vivado_Workspace/litefury_pcie_daq_2/ip_repo/axi_csr_3_0/component.xml
set_property vendor Nizar_Homebrew [ipx::current_core]
ipx::remove_file hdl/axi_csr.vhd [ipx::get_file_groups xilinx_vhdlsynthesis -of_objects [ipx::current_core]]
ipx::remove_file hdl/axi_csr.vhd [ipx::get_file_groups xilinx_vhdlbehavioralsimulation -of_objects [ipx::current_core]]
ipx::add_file C:/Users/gattous/Vivado_Workspace/litefury_pcie_daq_2/ip_repo/axi_csr_3_0/hdl/axi_csr_v3_0.vhd [ipx::get_file_groups xilinx_vhdlsynthesis -of_objects [ipx::current_core]]
set_property type vhdlSource [ipx::get_files hdl/axi_csr_v3_0.vhd -of_objects [ipx::get_file_groups xilinx_vhdlsynthesis -of_objects [ipx::current_core]]]
set_property library_name xil_defaultlib [ipx::get_files hdl/axi_csr_v3_0.vhd -of_objects [ipx::get_file_groups xilinx_vhdlsynthesis -of_objects [ipx::current_core]]]
ipx::add_file C:/Users/gattous/Vivado_Workspace/litefury_pcie_daq_2/ip_repo/axi_csr_3_0/src/CSR_V3_0_tb.vhd [ipx::get_file_groups xilinx_vhdlbehavioralsimulation -of_objects [ipx::current_core]]
set_property type vhdlSource [ipx::get_files src/CSR_V3_0_tb.vhd -of_objects [ipx::get_file_groups xilinx_vhdlbehavioralsimulation -of_objects [ipx::current_core]]]
set_property library_name xil_defaultlib [ipx::get_files src/CSR_V3_0_tb.vhd -of_objects [ipx::get_file_groups xilinx_vhdlbehavioralsimulation -of_objects [ipx::current_core]]]
set_property core_revision 2 [ipx::current_core]
ipx::create_xgui_files [ipx::current_core]
ipx::update_checksums [ipx::current_core]
ipx::check_integrity [ipx::current_core]
ipx::save_core [ipx::current_core]
update_ip_catalog -rebuild -repo_path c:/Users/gattous/Vivado_Workspace/litefury_pcie_daq_2/ip_repo/axi_csr_3_0
synth_design -top axi_csr_V3_0 -part xc7a100tfgg484-2 -lint 
